// Vitest Snapshot v1, https://vitest.dev/guide/snapshot.html

exports[`AppInputText > renders properly 1`] = `
"<!--v-if-->
<input class="p-inputtext p-component" aria-invalid="false" id="0" data-pc-name="inputtext" data-pc-section="root">
<!--v-if-->"
`;

exports[`AppInputText > renders the error message when input is invalid 1`] = `
"<label for="3">Name <span class="p-error"> *</span></label>
<input class="p-inputtext p-component" aria-invalid="true" id="3" data-pc-name="inputtext" data-pc-section="root" aria-labelledby="3-error">
<small class="p-error" id="3-error" aria-live="assertive">This field is required</small>"
`;
